// Jest Snapshot v1, https://goo.gl/fbAQLP

exports[`<ChartPFC /> should be equal to snapshot 1`] = `
<c
  className=""
  renderAs="section"
  size={null}
  style={Object {}}
>
  <PieChart
    barCategoryGap="10%"
    barGap={4}
    cx="50%"
    cy="50%"
    endAngle={360}
    height={330}
    innerRadius={0}
    layout="centric"
    margin={
      Object {
        "bottom": 5,
        "left": 5,
        "right": 5,
        "top": 5,
      }
    }
    outerRadius="80%"
    reverseStackOrder={false}
    stackOffset="none"
    startAngle={0}
    width={330}
  >
    <Pie
      animationBegin={400}
      animationDuration={1500}
      animationEasing="ease"
      blendStroke={false}
      cx="50%"
      cy="50%"
      data={
        Array [
          Object {
            "color": "#FFFF4C",
            "name": "Белки",
            "value": 200,
          },
          Object {
            "color": "#FF4C4C",
            "name": "Жиры",
            "value": 150,
          },
          Object {
            "color": "#4C4CFF",
            "name": "Углеводы",
            "value": 650,
          },
        ]
      }
      dataKey="value"
      endAngle={360}
      fill="#808080"
      hide={false}
      innerRadius={0}
      isAnimationActive={true}
      labelLine={true}
      legendType="rect"
      minAngle={0}
      nameKey="name"
      outerRadius={50}
      paddingAngle={0}
      startAngle={0}
      stroke="#fff"
    >
      <Cell
        fill="#FFFF4C"
        key="0"
      />
      <Cell
        fill="#FF4C4C"
        key="1"
      />
      <Cell
        fill="#4C4CFF"
        key="2"
      />
    </Pie>
  </PieChart>
</c>
`;
